116936
356600
391312
694376
694508
694708
694780
700200
456200
459344
459344
466632
469244
469244
469244
472044
472044
472108
467944
473820
472100
484748
485136
765108
486808
1029508
523284
532088
532140
536640
555028
555028
555028
555028
555028
555028
555028
555028
555996
555996
555996
555996
555996
555996
555996
555996
555996
555996
555996
555996
555996
555996
555996
555996
555996
555996
555996
555996
555996
555996
555996
555996
555996
555996
555996
654732
613600
613600
613600
613600
613600
613600
613600
613600
613600
613600
613600
613600
613600
613600
613600
613600
613600
613600
613600
613600
613600
613600
613600
613600
613600
613600
613600
613600
613600
613600
613600
613600
613600
613600
613600
613600
613600
613600
613600
613600
613600
613600
613600
613600
613600
613600
613600
613600
613600
613600
613600
613600
613600
613600
613600
613600
613600
613600
613600
613600
613600
613600
613600
613600
613600
613600
613600
613600
613600
613600
613600
564384
562160
