119520
361632
474664
694404
694604
694808
695008
704240
704240
704240
704260
704260
704260
704260
704260
704260
422004
461584
468084
481508
467292
480320
480760
480804
765772
482652
970396
543864
551260
551260
551260
550916
566696
591744
605168
612368
612368
612368
612376
612376
612376
612376
612376
612376
612376
612376
612376
612376
612376
612376
612376
612376
612376
612376
612376
612376
612376
612376
612376
612376
612376
612376
612376
612376
612376
612376
612376
612376
625860
625860
625860
625968
625776
492076
