117880
359284
384000
405832
405832
413696
414792
414792
414832
414832
414832
414832
414832
413008
413008
419336
420148
430864
431064
431196
431268
431912
523300
920940
922116
926656
488320
491704
529504
530044
813772
695828
818272
817944
572892
842924
622536
579964
848416
581760
582560
582580
582584
582584
582592
582592
582592
582592
582592
582592
582592
582592
582592
582592
582592
582592
582592
582592
582592
582592
582592
582592
582592
582592
582592
582592
582592
582592
582592
582592
582592
582592
582592
582592
582592
582592
582592
582592
585780
596076
596076
596076
600728
600588
577304
