118964
362452
383076
413100
426588
428764
428764
428776
428776
428776
428776
428776
428776
428968
429120
429152
429152
441460
441872
441892
442144
448188
453716
453916
454048
454252
455952
471380
472152
472736
892716
473252
512040
525060
525320
528260
528424
528428
528428
528428
528428
528428
528428
528428
528428
528428
528428
528428
528428
528428
528428
528428
528428
528428
528428
528428
528428
528428
528428
528428
528428
528428
528428
528428
528428
528428
528428
528428
528428
542068
542068
542068
542068
567720
561844
561368
