118696
363328
496196
694448
694648
694780
695052
431852
459352
459392
466688
469080
469088
471876
471876
471876
455360
467224
471288
483720
483820
610176
500828
724556
901988
903592
907192
906856
906856
906856
683860
597956
599732
613544
619348
619368
619368
627044
627192
627224
627224
627224
627692
627692
627696
627696
627696
627696
627696
627696
627696
627696
627696
627696
627696
627696
627696
627696
627696
627696
627696
627696
627696
627696
627696
627696
652160
685300
685300
685300
685300
685300
685300
685300
685300
685300
685300
685300
685300
685300
685300
685300
685300
685300
685300
685300
685300
685300
685300
685300
685300
685300
685300
685300
685300
685300
685300
685300
685300
685300
685300
685300
685300
627736
628352
507520
