118944
363484
391952
402544
402544
402544
402560
402560
402572
402572
402572
402572
415344
415344
420164
430832
430964
431164
431236
448236
449200
926908
929256
494360
515364
539796
829360
560884
1000296
589952
1476708
1483644
1483420
1483360
1483360
632760
659080
659080
667388
668184
668204
668840
668840
668840
668840
668840
668840
668840
668840
668840
668840
668840
668840
668840
668840
668840
668840
668840
668840
668840
668840
668840
668840
668840
668840
668840
668840
668840
668840
668840
668840
668840
668840
668840
668840
668892
675636
675636
675636
681156
672132
