117768
358900
399100
689856
694460
694660
694864
704164
704164
704164
704164
704184
704184
704184
704184
704184
704192
560428
895624
620916
484916
504172
509504
509568
510088
510140
510140
510140
510140
510140
510140
510140
510140
510140
510140
510140
510140
510140
510140
510140
510140
510140
510140
510168
510168
510168
510168
510168
510168
510168
510172
510172
510172
510172
510172
510172
510172
510172
510176
510176
510176
510176
510176
510176
510176
510176
510176
510180
510180
510180
510180
510180
510180
510180
510180
510180
510180
510180
510180
510180
510180
510180
510180
510180
510180
510184
510184
510184
510184
510184
510192
510192
510192
512944
515304
515304
515308
515308
515308
515308
515308
515308
515308
515316
515348
515348
515352
515356
515360
515368
515372
515376
515380
515384
515384
515384
515384
515388
515396
515396
515396
515396
515396
515396
515400
515400
515400
515400
515400
515400
515400
515400
515404
515404
528280
528280
528280
534820
533540
