118224
355592
384700
402368
402368
402368
402376
402376
402376
402376
402376
402376
414972
414972
413848
420184
430880
431080
431212
431484
433108
715592
910568
915780
477928
519556
523160
537140
537444
537544
540724
540780
540824
540824
540824
540824
540824
540824
540824
540824
540824
540824
540824
540824
540824
540824
540824
540824
540824
540824
540824
540824
540824
540824
540824
540824
540824
540824
540824
540824
540824
540824
540824
540824
540824
540824
540824
540824
540824
540824
540824
540824
540824
540824
540824
540824
540824
554468
554468
554468
554468
559096
462848
