119252
363848
393960
404176
404212
412516
414852
414852
414880
414880
414880
414900
413036
413036
418732
430348
430480
430680
430752
440572
448652
910064
926188
931336
493324
784196
540896
1094416
561180
561572
563624
584132
584200
584884
598300
598300
598344
598568
598568
598576
598576
598576
598576
598576
598576
598576
598576
598576
598576
598576
598576
598576
598576
598576
598576
598576
598576
598576
598576
598576
598576
598576
598576
598576
598576
598576
598576
598576
598576
598576
599144
599144
599144
599144
602680
598916
