116636
351848
387744
411160
411360
411492
411696
421044
421248
421256
421256
421300
421300
421344
421344
421344
421368
425012
435380
441388
454056
454352
454560
737696
454940
466860
505344
515568
522212
522256
522276
522288
522300
522300
522300
522304
522304
522308
522344
522344
522348
522352
522352
522360
522360
522360
522364
522368
522368
522368
522436
522536
522744
522892
522940
523144
523212
523276
523276
523344
523344
523352
523352
523352
523360
523360
537020
537020
537160
537160
538556
543764
543816
543816
543768
