106604
222704
378876
405852
405852
413792
413792
414844
414884
414884
414884
414884
412920
413060
413060
419700
423464
430876
431008
431076
431208
431480
450044
460288
460356
460940
460944
738844
453000
488844
502492
503008
503068
506452
506456
506456
506456
506456
506456
506456
506456
506456
506456
506456
506456
506456
506456
506456
506456
506456
506456
506456
506492
506492
506492
506492
506492
506492
506492
506492
506496
506496
506496
506496
506496
506496
506496
506496
506496
506496
506500
506500
506500
506500
506500
506500
506500
520188
520188
520188
520188
527280
453396
