118168
363248
389212
405812
405812
413716
415060
415060
415096
415096
415096
415120
415120
413300
419956
420072
430876
431008
431208
431412
450088
460780
460856
461440
734880
451276
754580
773204
789876
523076
794440
598740
805060
806768
746816
726776
544956
930032
930032
930032
929932
929932
601612
604952
607172
614312
614312
614312
614320
614320
614320
614320
614320
614320
614320
614320
614320
614320
614320
614320
614320
614320
614320
614320
614320
614320
614320
614320
614320
614320
614320
614320
614320
614320
614320
614320
614320
614320
614320
614320
614320
614384
614384
615792
492052
