117616
350528
384904
405352
405352
413216
414360
414360
414400
414400
414400
414400
414404
412464
418796
419228
430128
430328
430460
430664
447328
458436
736288
981828
1017780
521416
521464
521500
538736
552240
552240
555128
555128
555128
555128
555128
555128
559512
559512
559516
559516
559516
559516
559516
559516
559516
559516
559516
559516
559516
559516
559516
559516
559516
559516
559516
559516
559516
559516
559516
559516
559516
559516
559516
559516
559516
559516
559516
559516
602636
617164
617164
617164
617164
617164
617164
617164
617164
617164
617164
617164
617164
617164
617164
617164
617164
617164
617164
617164
617164
617164
617164
617164
617164
617164
617164
617164
617164
617164
617164
617164
617164
617164
617164
617164
617164
617164
617164
617164
617164
617164
617164
617164
617164
617164
617164
617164
617164
617164
617164
617164
617164
617164
617164
617164
617164
617164
617164
617164
617164
617164
617164
617164
617164
617164
617164
617164
617164
617164
617164
617164
617164
617164
617164
561508
564004
462772
