118468
360620
386724
405728
405728
414016
415124
415124
415160
415160
415160
415188
413368
413372
420140
431084
431216
431416
431488
438488
449404
805288
927012
932160
932248
495732
801196
614632
809996
830424
567960
836392
778144
569064
838092
570824
570864
571284
571284
571456
571808
571808
575724
575724
575724
575724
575724
575724
575724
575724
575724
575724
575724
575724
575724
575724
575724
575724
575724
575724
575724
575724
575724
575724
575724
575724
575724
575724
575724
575724
575724
575724
575724
575724
575732
633328
633328
633328
633328
633328
633328
633328
633328
633328
633328
633328
633328
633328
633328
633328
633328
633328
633328
633328
633328
633328
633328
633328
633328
633328
633328
633328
633328
633328
633328
633328
633328
633328
633328
633328
633328
633328
633328
633328
633328
633328
633328
633328
633328
633328
633328
633328
633328
633328
633328
633328
633328
633328
633328
633328
633328
633328
633328
633328
633328
633328
633328
633328
633328
633328
633328
633328
633328
576316
586644
458208
