119792
362024
392244
402252
402252
402252
402264
402264
402264
402264
402264
402264
414952
414956
419632
424524
431040
431108
431240
431892
450904
924696
929412
934608
499480
702276
563288
1116132
580944
580944
581028
584068
599024
599024
612636
612636
612636
612636
612648
613432
613432
613824
613824
613824
613824
613824
613824
613824
613824
613824
613824
613824
613824
613824
613824
613824
613824
613824
613824
613824
613824
613824
613824
613824
613824
613824
632380
671428
671428
671428
671428
671428
671428
671428
671428
671428
671428
671428
671428
671428
671428
671428
671428
671428
671428
671428
671428
671428
671428
671428
671428
671428
671428
671428
671428
671428
671428
671428
671428
671428
671428
671428
671428
671428
671428
671428
671428
671428
671428
671428
671428
671428
671428
671428
671428
671428
671428
671428
671428
671428
671428
671428
671428
671428
671428
671428
671428
671428
671428
671428
671428
671428
671428
671428
671428
671428
671428
671428
671428
671428
614276
616536
